[toplevel]
kv =
  !f() {
    node ~/.aws/cli/custom-js/kv.js ${1} ${2} ${3} ${4} ${5} ${6}
  }; f
