[toplevel]

whoami = sts

code =
  !f() {
    node ~/.aws/cli/custom-js/code.js ${1} ${2} ${3} ${4} ${5} ${6}
  }; f

some =
  !f() {
    node ~/.aws/cli/custom-js/code.js ${1} ${2} ${3} ${4}
  }; f

